=== rocm714 : /opt/venv/lib/python3.12/site-packages/_rocm_sdk_core/lib/llvm/bin/amdclang++
AMD clang version 23.0.0git (https://github.com/ROCm/llvm-project.git 46fcb339fb61119b337f973c7ca9e710a319fdd0+PATCHED:440716f8b87be9d8e20ed910e10e5b6d14d57cf6)
Target: x86_64-unknown-linux-gnu
--- traffic (gfx1201, no sanitizer)
rc=0
--- oob plain (gfx1201, no sanitizer)
rc=0
--- oob with -fsanitize=address -fgpu-sanitize (gfx1201)
clang++: warning: ignoring '-fsanitize=address' option for offload arch 'gfx1201' as it is not currently supported there. Use it with an offload arch containing 'xnack+' instead [-Woption-ignored]
rc=0
--- oob with -fsanitize=address -fgpu-sanitize (gfx1201:xnack+)  [expected: reject]
clang++: error: invalid target ID 'gfx1201:xnack+'; format is a processor name followed by an optional colon-delimited list of features followed by an enable/disable sign (e.g., 'gfx908:sramecc+:xnack-')
rc=1
--- CONTROL: oob with ASAN for gfx942:xnack+ (compile only, no such GPU here)
rc=0
total 3352
-rwxr-xr-x 1 root root 3299728 Aug 18 15:11 oob_asan
-rw-r--r-- 1 root root   74672 Aug 18 15:11 oob_gfx942_xnack.o
-rwxr-xr-x 1 root root   21056 Aug 18 15:11 oob_plain
-rwxr-xr-x 1 root root   27944 Aug 18 15:11 traffic
