=== date
2026-08-19T00:07:08+09:00
=== uname
Linux dop-ubuntu2404 6.14.0-37-generic #37~24.04.1-Ubuntu SMP PREEMPT_DYNAMIC Thu Nov 20 10:25:38 UTC 2 x86_64 x86_64 x86_64 GNU/Linux
=== amdclang++
AMD clang version 23.0.0git (https://github.com/ROCm/llvm-project.git 46fcb339fb61119b337f973c7ca9e710a319fdd0+PATCHED:440716f8b87be9d8e20ed910e10e5b6d14d57cf6)
Target: x86_64-unknown-linux-gnu
Thread model: posix
InstalledDir: /opt/rocm/core-7.14/lib/llvm/bin
=== rocprofv3
             version: 1.3.2
        git_revision: 2b22ab0195cc1461cd9abf3b969e9dd7c10af350
        library_arch: x86_64-unknown-linux-gnu
         system_name: Linux
    system_processor: x86_64
      system_version: 6.12.73-95.123.amzn2023.x86_64
         compiler_id: Clang
    compiler_version: 23.0.0
        rocm_version: 7.14.0
=== rocm version files
ls: '/opt/rocm/.info/' にアクセスできません: そのようなファイルやディレクトリはありません
=== dpkg rocm
ii  amdrocm-core7.14-gfx1201                                 7.14.0~pre3-29052710811                          amd64        AMD ROCm core metapackage
=== ppfeaturemask
0xfff7ffff
=== dpm level
auto
