=== rocprofv3 version
             version: 1.3.2
      system_version: 6.12.73-95.123.amzn2023.x86_64
    compiler_version: 23.0.0
        rocm_version: 7.14.0

=== PC sampling configurations advertised for this agent
GPU     :	0
Name    :	gfx1201
configs :
   Method              :	host_trap
   Unit                :	time
   Min_Interval        :	512
   Max_Interval        :	18446744073709551615
   Flags               :	none




GPU     :	0
Name    :	gfx1201
configs :
   Type                :	SAMPLE_INTERVAL_SCLK_CYCLES
   Minimum_Interval    :	32
   Maximum_Interval    :	65504



=== --pc-sampling-method host_trap
rc=0
--- stderr (first 6 lines)
    W0818 15:16:55.797812      22 simple_timer.cpp:55] [rocprofv3] tool initialization ::     0.000489 sec
    W0818 15:16:55.798653      22 simple_timer.cpp:55] [rocprofv3] './bin/rocm714/traffic 0 268435456 20' ::     0.000000 sec
    W0818 15:16:55.836388      22 tool.cpp:3082] HSA version 1.21.0 initialized (instance=0)
    W0818 15:16:56.166498      22 simple_timer.cpp:55] [rocprofv3] './bin/rocm714/traffic 0 268435456 20' ::     0.367845 sec
    W0818 15:16:56.837730      22 simple_timer.cpp:55] [rocprofv3] output generation ::     0.000576 sec
    W0818 15:16:56.837983      22 simple_timer.cpp:55] [rocprofv3] tool finalization ::     0.001091 sec
--- no pc_sampling output file produced

=== --pc-sampling-method stochastic
rc=1
--- stderr (first 6 lines)
    E0818 15:16:57.022624      37 tool.cpp:2191] Given PC sampling configuration is not supported on any of the agents
--- no pc_sampling output file produced
